// Jest Snapshot v1, https://goo.gl/fbAQLP

exports[`Users List Component. should render correctly. 1`] = `
ShallowWrapper {
  "length": 1,
  Symbol(enzyme.__root__): [Circular],
  Symbol(enzyme.__unrendered__): <UsersList
    error={undefined}
    loadUsers={[Function]}
    requesting={undefined}
    store={
        Object {
            "dispatch": [Function],
            "getAction": [Function],
            "getActions": [Function],
            "getState": [Function],
            "isActionDispatched": [Function],
            "isActionTypeDispatched": [Function],
            "subscribe": [Function],
          }
    }
    storeSubscription={
        Subscription {
            "listeners": Object {
              "clear": [Function],
              "get": [Function],
              "notify": [Function],
              "subscribe": [Function],
            },
            "onStateChange": [Function],
            "parentSub": undefined,
            "store": Object {
              "dispatch": [Function],
              "getAction": [Function],
              "getActions": [Function],
              "getState": [Function],
              "isActionDispatched": [Function],
              "isActionTypeDispatched": [Function],
              "subscribe": [Function],
            },
            "unsubscribe": undefined,
          }
    }
    unloadUsers={[Function]}
    users={undefined}
/>,
  Symbol(enzyme.__renderer__): Object {
    "batchedUpdates": [Function],
    "getNode": [Function],
    "render": [Function],
    "simulateEvent": [Function],
    "unmount": [Function],
  },
  Symbol(enzyme.__node__): Object {
    "instance": null,
    "key": undefined,
    "nodeType": "host",
    "props": Object {
      "children": Array [
        undefined,
        <div
          className="title-bar"
>
          <h1>
                    GitHub's Users List
          </h1>
</div>,
        <BackTop
          visibilityHeight={400}
/>,
        <List
          bordered={false}
          dataSource={Array []}
          grid={
                    Object {
                              "gutter": 16,
                              "lg": 2,
                              "md": 2,
                              "sm": 1,
                              "xl": 4,
                              "xs": 1,
                              "xxl": 4,
                            }
          }
          itemLayout="horizontal"
          loadMore={
                    <div
                              className="show-more"
                    >
                              <Button
                                        ghost={false}
                                        loading={false}
                                        onClick={[Function]}
                                        prefixCls="ant-btn"
                              >
                                        loading more
                              </Button>
                    </div>
          }
          loading={false}
          pagination={false}
          prefixCls="ant-list"
          renderItem={[Function]}
          size="large"
          split={true}
/>,
      ],
      "id": "users-list",
    },
    "ref": null,
    "rendered": Array [
      undefined,
      Object {
        "instance": null,
        "key": undefined,
        "nodeType": "host",
        "props": Object {
          "children": <h1>
            GitHub's Users List
</h1>,
          "className": "title-bar",
        },
        "ref": null,
        "rendered": Object {
          "instance": null,
          "key": undefined,
          "nodeType": "host",
          "props": Object {
            "children": "GitHub's Users List",
          },
          "ref": null,
          "rendered": "GitHub's Users List",
          "type": "h1",
        },
        "type": "div",
      },
      Object {
        "instance": null,
        "key": undefined,
        "nodeType": "class",
        "props": Object {
          "visibilityHeight": 400,
        },
        "ref": null,
        "rendered": null,
        "type": [Function],
      },
      Object {
        "instance": null,
        "key": undefined,
        "nodeType": "class",
        "props": Object {
          "bordered": false,
          "dataSource": Array [],
          "grid": Object {
            "gutter": 16,
            "lg": 2,
            "md": 2,
            "sm": 1,
            "xl": 4,
            "xs": 1,
            "xxl": 4,
          },
          "itemLayout": "horizontal",
          "loadMore": <div
            className="show-more"
>
            <Button
                        ghost={false}
                        loading={false}
                        onClick={[Function]}
                        prefixCls="ant-btn"
            >
                        loading more
            </Button>
</div>,
          "loading": false,
          "pagination": false,
          "prefixCls": "ant-list",
          "renderItem": [Function],
          "size": "large",
          "split": true,
        },
        "ref": null,
        "rendered": null,
        "type": [Function],
      },
    ],
    "type": "div",
  },
  Symbol(enzyme.__nodes__): Array [
    Object {
      "instance": null,
      "key": undefined,
      "nodeType": "host",
      "props": Object {
        "children": Array [
          undefined,
          <div
            className="title-bar"
>
            <h1>
                        GitHub's Users List
            </h1>
</div>,
          <BackTop
            visibilityHeight={400}
/>,
          <List
            bordered={false}
            dataSource={Array []}
            grid={
                        Object {
                                    "gutter": 16,
                                    "lg": 2,
                                    "md": 2,
                                    "sm": 1,
                                    "xl": 4,
                                    "xs": 1,
                                    "xxl": 4,
                                  }
            }
            itemLayout="horizontal"
            loadMore={
                        <div
                                    className="show-more"
                        >
                                    <Button
                                                ghost={false}
                                                loading={false}
                                                onClick={[Function]}
                                                prefixCls="ant-btn"
                                    >
                                                loading more
                                    </Button>
                        </div>
            }
            loading={false}
            pagination={false}
            prefixCls="ant-list"
            renderItem={[Function]}
            size="large"
            split={true}
/>,
        ],
        "id": "users-list",
      },
      "ref": null,
      "rendered": Array [
        undefined,
        Object {
          "instance": null,
          "key": undefined,
          "nodeType": "host",
          "props": Object {
            "children": <h1>
              GitHub's Users List
</h1>,
            "className": "title-bar",
          },
          "ref": null,
          "rendered": Object {
            "instance": null,
            "key": undefined,
            "nodeType": "host",
            "props": Object {
              "children": "GitHub's Users List",
            },
            "ref": null,
            "rendered": "GitHub's Users List",
            "type": "h1",
          },
          "type": "div",
        },
        Object {
          "instance": null,
          "key": undefined,
          "nodeType": "class",
          "props": Object {
            "visibilityHeight": 400,
          },
          "ref": null,
          "rendered": null,
          "type": [Function],
        },
        Object {
          "instance": null,
          "key": undefined,
          "nodeType": "class",
          "props": Object {
            "bordered": false,
            "dataSource": Array [],
            "grid": Object {
              "gutter": 16,
              "lg": 2,
              "md": 2,
              "sm": 1,
              "xl": 4,
              "xs": 1,
              "xxl": 4,
            },
            "itemLayout": "horizontal",
            "loadMore": <div
              className="show-more"
>
              <Button
                            ghost={false}
                            loading={false}
                            onClick={[Function]}
                            prefixCls="ant-btn"
              >
                            loading more
              </Button>
</div>,
            "loading": false,
            "pagination": false,
            "prefixCls": "ant-list",
            "renderItem": [Function],
            "size": "large",
            "split": true,
          },
          "ref": null,
          "rendered": null,
          "type": [Function],
        },
      ],
      "type": "div",
    },
  ],
  Symbol(enzyme.__options__): Object {
    "adapter": ReactSixteenAdapter {
      "options": Object {
        "enableComponentDidUpdateOnSetState": true,
      },
    },
  },
}
`;
